// Jest Snapshot v1, https://goo.gl/fbAQLP

exports[`Performance: predictive performance audit should compute the predicted values 1`] = `
Object {
  "optimisticFCP": 1059,
  "optimisticLCP": 1445,
  "optimisticSI": 261,
  "optimisticTTI": 2132,
  "pessimisticFCP": 1059,
  "pessimisticLCP": 1603,
  "pessimisticSI": 1109,
  "pessimisticTTI": 3981,
  "roughEstimateOfFCP": 1059,
  "roughEstimateOfLCP": 1524,
  "roughEstimateOfLCPLoadEnd": undefined,
  "roughEstimateOfLCPLoadStart": undefined,
  "roughEstimateOfSI": 1059,
  "roughEstimateOfTTFB": 638,
  "roughEstimateOfTTI": 3149,
}
`;
