// Jest Snapshot v1, https://goo.gl/fbAQLP

exports[`Performance: predictive performance audit should compute the predicted values 1`] = `
Object {
  "optimisticFCP": 2291,
  "optimisticFMP": 2291,
  "optimisticLCP": 2291,
  "optimisticSI": 1393,
  "optimisticTTI": 3792,
  "pessimisticFCP": 2291,
  "pessimisticFMP": 3230,
  "pessimisticLCP": 3230,
  "pessimisticSI": 3049,
  "pessimisticTTI": 5099,
  "roughEstimateOfFCP": 2291,
  "roughEstimateOfFMP": 2761,
  "roughEstimateOfLCP": 2761,
  "roughEstimateOfLCPLoadEnd": undefined,
  "roughEstimateOfLCPLoadStart": undefined,
  "roughEstimateOfSI": 3683,
  "roughEstimateOfTTFB": 611,
  "roughEstimateOfTTI": 4446,
}
`;
