// Jest Snapshot v1, https://goo.gl/fbAQLP

exports[`Metrics: Lantern TTI should compute predicted value 1`] = `
Object {
  "optimistic": 4178,
  "pessimistic": 3773,
  "timing": 3955,
}
`;

exports[`Metrics: Lantern TTI should compute predicted value on iframes with substantial layout 1`] = `
Object {
  "optimistic": 2372,
  "pessimistic": 2386,
  "timing": 2379,
}
`;
